
.. _setup: https://qta-testbase.readthedocs.io/zh/latest/setup.html
.. |setup| replace:: 使用前准备

.. _project: https://qta-testbase.readthedocs.io/zh/latest/project.html
.. |project| replace:: 创建和修改测试项目

.. _testcase: https://qta-testbase.readthedocs.io/zh/latest/testcase.html
.. |testcase| replace:: Testbase设计测试用例

.. _qtaf-testcase: https://qta-testbase.readthedocs.io/zh/latest/api/testcase.html
.. |qtaf-testcase| replace:: TestCase

.. _qtaf-qpath: https://qta-tuia.readthedocs.io/zh/latest/qpath.html
.. |qtaf-qpath| replace:: QPath语法和使用

.. _qtaf-run: https://qta-testbase.readthedocs.io/zh/latest/testcase.html#id3
.. |qtaf-run| replace:: 调试执行

.. _QT4W: https://qt4w.readthedocs.io/zh_CN/latest/index.html
.. |QT4W| replace:: QT4W

.. _qt4w_webcontrol: https://qt4w.readthedocs.io/zh_CN/latest/usage.html
.. |qt4w_webcontrol| replace:: Web控件的标识与使用
